
> vite_react_shadcn_ts@0.0.0 dev
> vite --host 127.0.0.1


  [32m[1mVITE[22m v5.4.21[39m  [2mready in [0m[1m5259[22m[2m[0m ms[22m

  [32m➜[39m  [1mLocal[22m:   [36mhttp://127.0.0.1:[1m8080[22m/[39m
[2m08:57:40[22m [36m[1m[vite][22m[39m [32m.env changed, restarting server...[39m
[2m08:57:41[22m [36m[1m[vite][22m[39m server restarted.
[2m08:59:14[22m [36m[1m[vite][22m[39m [32m.env changed, restarting server...[39m
[2m08:59:15[22m [36m[1m[vite][22m[39m [32m.env changed, restarting server...[39m
[2m08:59:17[22m [36m[1m[vite][22m[39m server restarted.
[2m10:30:00[22m [36m[1m[vite][22m[39m [32mhmr update [39m[2m/src/pages/PostDetail.tsx, /src/index.css[22m
[2m10:30:00[22m [36m[1m[vite][22m[39m [32mhmr update [39m[2m/src/pages/PostDetail.tsx, /src/index.css[22m
[2m10:30:34[22m [36m[1m[vite][22m[39m [32mhmr update [39m[2m/src/pages/BlogPost.tsx, /src/index.css[22m
[2m10:30:34[22m [36m[1m[vite][22m[39m [32mhmr update [39m[2m/src/pages/BlogPost.tsx, /src/index.css[22m
[2m10:36:22[22m [36m[1m[vite][22m[39m [32mhmr update [39m[2m/src/pages/PostDetail.tsx, /src/index.css[22m
[2m10:36:22[22m [36m[1m[vite][22m[39m [32mhmr update [39m[2m/src/pages/PostDetail.tsx, /src/index.css[22m
[2m10:36:48[22m [36m[1m[vite][22m[39m [32mhmr update [39m[2m/src/pages/BlogPost.tsx, /src/index.css[22m
[2m10:36:48[22m [36m[1m[vite][22m[39m [32mhmr update [39m[2m/src/pages/BlogPost.tsx, /src/index.css[22m
[2m14:13:09[22m [36m[1m[vite][22m[39m [32mhmr update [39m[2m/src/components/PcmoLogo.tsx, /src/index.css[22m
[2m14:13:09[22m [36m[1m[vite][22m[39m [32mhmr update [39m[2m/src/components/PcmoLogo.tsx, /src/index.css[22m
[2m14:13:11[22m [36m[1m[vite][22m[39m [33mhmr invalidate [39m[2m/src/components/PcmoLogo.tsx[22m Could not Fast Refresh ("pcmoLogoSymbol" export is incompatible). Learn more at https://github.com/vitejs/vite-plugin-react/tree/main/packages/plugin-react-swc#consistent-components-exports
[2m14:13:11[22m [36m[1m[vite][22m[39m [32mhmr update [39m[2m/src/index.css, /src/pages/Certifications.tsx, /src/pages/Login.tsx, /src/components/MembershipOverview.tsx, /src/components/DashboardHeader.tsx, /src/components/DashboardSidebar.tsx[22m
[2m14:17:43[22m [36m[1m[vite][22m[39m [32mhmr update [39m[2m/src/components/PcmoLogo.tsx, /src/index.css[22m
[2m14:17:44[22m [36m[1m[vite][22m[39m [32mhmr update [39m[2m/src/components/PcmoLogo.tsx, /src/index.css[22m
[2m14:17:45[22m [36m[1m[vite][22m[39m [33mhmr invalidate [39m[2m/src/components/PcmoLogo.tsx[22m Could not Fast Refresh ("pcmoLogoSymbol" export is incompatible). Learn more at https://github.com/vitejs/vite-plugin-react/tree/main/packages/plugin-react-swc#consistent-components-exports
[2m14:17:45[22m [36m[1m[vite][22m[39m [32mhmr update [39m[2m/src/index.css, /src/pages/Certifications.tsx, /src/pages/Login.tsx, /src/components/MembershipOverview.tsx, /src/components/DashboardHeader.tsx, /src/components/DashboardSidebar.tsx[22m
