
> vite_react_shadcn_ts@0.0.0 dev
> vite --host 127.0.0.1


  [32m[1mVITE[22m v5.4.21[39m  [2mready in [0m[1m3071[22m[2m[0m ms[22m

  [32m➜[39m  [1mLocal[22m:   [36mhttp://127.0.0.1:[1m8080[22m/[39m
[2m09:57:56[22m [36m[1m[vite][22m[39m [32mhmr update [39m[2m/src/pages/AdminCoursesPage.tsx, /src/index.css[22m
[2m09:57:57[22m [36m[1m[vite][22m[39m [32mhmr update [39m[2m/src/pages/AdminCoursesPage.tsx, /src/index.css[22m
[2m09:58:14[22m [36m[1m[vite][22m[39m [32mhmr update [39m[2m/src/pages/AdminResourceManager.tsx, /src/index.css[22m
[2m09:58:15[22m [36m[1m[vite][22m[39m [32mhmr update [39m[2m/src/components/DashboardSidebar.tsx, /src/index.css[22m
[2m09:58:18[22m [36m[1m[vite][22m[39m [32mhmr update [39m[2m/src/App.tsx, /src/index.css[22m
[2m09:58:22[22m [36m[1m[vite][22m[39m [32m✨ new dependencies optimized: [33m@radix-ui/react-tabs[32m[39m
[2m09:58:22[22m [36m[1m[vite][22m[39m [32m✨ optimized dependencies changed. reloading[39m
[2m09:58:49[22m [36m[1m[vite][22m[39m [32mhmr update [39m[2m/src/pages/CourseDetail.tsx, /src/index.css[22m
[2m09:58:49[22m [36m[1m[vite][22m[39m [32mhmr update [39m[2m/src/pages/CourseDetail.tsx, /src/index.css[22m
[2m10:00:23[22m [36m[1m[vite][22m[39m [32mhmr update [39m[2m/src/components/MyCoursesSection.tsx, /src/index.css[22m
[2m10:00:23[22m [36m[1m[vite][22m[39m [32mhmr update [39m[2m/src/pages/Index.tsx, /src/index.css[22m
[2m10:00:23[22m [36m[1m[vite][22m[39m [32mhmr update [39m[2m/src/pages/Courses.tsx, /src/index.css[22m
[2m10:35:31[22m [36m[1m[vite][22m[39m [32mhmr update [39m[2m/src/App.tsx, /src/index.css[22m
[2m10:35:31[22m [36m[1m[vite][22m[39m [32mhmr update [39m[2m/src/pages/AdminCoursesPage.tsx, /src/index.css[22m
[2m10:39:06[22m [36m[1m[vite][22m[39m [32mhmr update [39m[2m/src/pages/AdminCourseWorkspace.tsx, /src/index.css[22m
[2m10:39:06[22m [36m[1m[vite][22m[39m [32mhmr update [39m[2m/src/pages/AdminCourseWorkspace.tsx, /src/index.css[22m
[2m10:48:11[22m [36m[1m[vite][22m[39m [32mhmr update [39m[2m/src/pages/AdminResourceManager.tsx, /src/index.css[22m
[2m10:48:11[22m [36m[1m[vite][22m[39m [32mhmr update [39m[2m/src/pages/AdminResourceManager.tsx, /src/index.css[22m
[2m10:48:12[22m [36m[1m[vite][22m[39m [32mhmr update [39m[2m/src/components/DashboardSidebar.tsx, /src/index.css[22m
[2m10:48:29[22m [36m[1m[vite][22m[39m [32mhmr update [39m[2m/src/pages/Library.tsx, /src/index.css[22m
[2m11:55:52[22m [36m[1m[vite][22m[39m [32mhmr update [39m[2m/src/pages/AdminResourceManager.tsx, /src/index.css[22m
[2m11:55:52[22m [36m[1m[vite][22m[39m [32mhmr update [39m[2m/src/pages/AdminResourceManager.tsx, /src/index.css[22m
[2m12:52:18[22m [36m[1m[vite][22m[39m [32mhmr update [39m[2m/src/pages/Membership.tsx, /src/index.css[22m
[2m12:52:19[22m [36m[1m[vite][22m[39m [32mhmr update [39m[2m/src/pages/Membership.tsx, /src/index.css[22m
[2m13:56:18[22m [36m[1m[vite][22m[39m [32mhmr update [39m[2m/src/pages/Courses.tsx, /src/index.css[22m
[2m13:56:18[22m [36m[1m[vite][22m[39m [32mhmr update [39m[2m/src/components/MyCoursesSection.tsx, /src/index.css[22m
[2m13:56:18[22m [36m[1m[vite][22m[39m [32mhmr update [39m[2m/src/pages/Courses.tsx, /src/index.css[22m
[2m14:46:42[22m [36m[1m[vite][22m[39m [32mhmr update [39m[2m/src/App.tsx, /src/index.css[22m
[2m14:46:42[22m [36m[1m[vite][22m[39m [32mhmr update [39m[2m/src/App.tsx, /src/index.css[22m
[2m14:47:35[22m [36m[1m[vite][22m[39m [32mhmr update [39m[2m/src/pages/Membership.tsx, /src/index.css[22m
[2m14:47:36[22m [36m[1m[vite][22m[39m [32mhmr update [39m[2m/src/pages/Membership.tsx, /src/index.css[22m
[2m15:02:54[22m [36m[1m[vite][22m[39m [32mhmr update [39m[2m/src/pages/CourseDetail.tsx, /src/index.css[22m
[2m15:02:55[22m [36m[1m[vite][22m[39m [32mhmr update [39m[2m/src/pages/CertificationQuiz.tsx, /src/index.css[22m
[2m15:02:55[22m [36m[1m[vite][22m[39m [32mhmr update [39m[2m/src/pages/CertificationQuiz.tsx, /src/index.css[22m
[2m15:45:21[22m [36m[1m[vite][22m[39m [32mhmr update [39m[2m/src/components/DashboardSidebar.tsx, /src/index.css[22m
[2m15:50:04[22m [36m[1m[vite][22m[39m [32mhmr update [39m[2m/src/components/MembershipOverview.tsx, /src/index.css[22m
[2m15:50:04[22m [36m[1m[vite][22m[39m [32mhmr update [39m[2m/src/pages/Membership.tsx, /src/index.css[22m
